stm32f030xx_i2c_driver.c:34:13:I2C_GenerateStartCondition	16	static
stm32f030xx_i2c_driver.c:54:6:I2C_GenerateStopCondition	16	static
stm32f030xx_i2c_driver.c:75:13:I2C_ExecuteAddressPhase	16	static
stm32f030xx_i2c_driver.c:101:6:I2C_PeriClockControl	16	static
stm32f030xx_i2c_driver.c:126:9:RCC_GetOutputClock	8	static
stm32f030xx_i2c_driver.c:134:10:RCC_GetPCLKValue	24	static
stm32f030xx_i2c_driver.c:204:6:I2C_Init	24	static
stm32f030xx_i2c_driver.c:261:6:I2C_DeInit	16	static
stm32f030xx_i2c_driver.c:287:6:I2C_SlaveAddressConfig	16	static
stm32f030xx_i2c_driver.c:321:6:I2C_MasterSendData	24	static
stm32f030xx_i2c_driver.c:442:6:I2C_MasterReceiveData	32	static
stm32f030xx_i2c_driver.c:492:9:I2C_MasterSendData_IT	32	static
stm32f030xx_i2c_driver.c:534:9:I2C_MasterReceiveData_IT	32	static
stm32f030xx_i2c_driver.c:576:6:I2C_SlaveSendData	16	static
stm32f030xx_i2c_driver.c:596:9:I2C_SlaveReceiveData	16	static
stm32f030xx_i2c_driver.c:620:9:I2C_GetFlagStatus	16	static
stm32f030xx_i2c_driver.c:648:6:I2C_PeripheralControl	16	static
stm32f030xx_i2c_driver.c:674:6:I2C_GCEN_Control	16	static
stm32f030xx_i2c_driver.c:700:6:I2C_SBC_Control	16	static
stm32f030xx_i2c_driver.c:726:6:I2C_NOSTRETCH_Control	16	static
stm32f030xx_i2c_driver.c:753:6:I2C_ManageAcking	16	static
stm32f030xx_i2c_driver.c:781:6:I2C_IRQInterruptConfig	16	static
stm32f030xx_i2c_driver.c:810:6:I2C_IRQPriorityConfig	32	static
stm32f030xx_i2c_driver.c:835:6:I2C_EV_IRQHandling	32	static
stm32f030xx_i2c_driver.c:1025:6:I2C_ER_IRQHandling	24	static
stm32f030xx_i2c_driver.c:1115:6:I2C_CloseReceiveData	16	static
stm32f030xx_i2c_driver.c:1128:6:I2C_CloseSendData	16	static
stm32f030xx_i2c_driver.c:1140:6:I2C_SlaveEnableDisableCallbackEvents	16	static
